2025-08-12 20:02:58,259 INFO o.a.j.u.JMeterUtils: Setting Locale to en_EN
2025-08-12 20:02:58,347 INFO o.a.j.JMeter: Loading user properties from: /home/stas/IDE/apache-jmeter-5.6.3/bin/user.properties
2025-08-12 20:02:58,348 INFO o.a.j.JMeter: Loading system properties from: /home/stas/IDE/apache-jmeter-5.6.3/bin/system.properties
2025-08-12 20:02:58,353 INFO o.a.j.JMeter: Copyright (c) 1998-2024 The Apache Software Foundation
2025-08-12 20:02:58,353 INFO o.a.j.JMeter: Version 5.6.3
2025-08-12 20:02:58,353 INFO o.a.j.JMeter: java.version=21.0.2
2025-08-12 20:02:58,353 INFO o.a.j.JMeter: java.vm.name=Java HotSpot(TM) 64-Bit Server VM
2025-08-12 20:02:58,354 INFO o.a.j.JMeter: os.name=Linux
2025-08-12 20:02:58,354 INFO o.a.j.JMeter: os.arch=amd64
2025-08-12 20:02:58,354 INFO o.a.j.JMeter: os.version=6.14.0-27-generic
2025-08-12 20:02:58,354 INFO o.a.j.JMeter: file.encoding=UTF-8
2025-08-12 20:02:58,354 INFO o.a.j.JMeter: java.awt.headless=true
2025-08-12 20:02:58,354 INFO o.a.j.JMeter: Max memory     =1073741824
2025-08-12 20:02:58,354 INFO o.a.j.JMeter: Available Processors =4
2025-08-12 20:02:58,364 INFO o.a.j.JMeter: Default Locale=English (EN)
2025-08-12 20:02:58,364 INFO o.a.j.JMeter: JMeter  Locale=English (EN)
2025-08-12 20:02:58,364 INFO o.a.j.JMeter: JMeterHome=/home/stas/IDE/apache-jmeter-5.6.3
2025-08-12 20:02:58,364 INFO o.a.j.JMeter: user.dir  =/home/stas/Study/Otus/Java/Java-Advanced-DiplomProject/compose/run
2025-08-12 20:02:58,364 INFO o.a.j.JMeter: PWD       =/home/stas/Study/Otus/Java/Java-Advanced-DiplomProject/compose/run
2025-08-12 20:02:58,364 INFO o.a.j.JMeter: IP: 127.0.1.1 Name: stasMS FullName: stasMS
2025-08-12 20:02:58,407 INFO o.a.j.s.FileServer: Default base='/home/stas/Study/Otus/Java/Java-Advanced-DiplomProject/compose/run'
2025-08-12 20:02:58,409 INFO o.a.j.s.FileServer: Set new base='/home/stas/Study/Otus/Java/Java-Advanced-DiplomProject/compose/run/.'
2025-08-12 20:02:58,637 INFO o.a.j.s.SaveService: Testplan (JMX) version: 2.2. Testlog (JTL) version: 2.2
2025-08-12 20:02:58,675 INFO o.a.j.s.SaveService: Using SaveService properties version 5.0
2025-08-12 20:02:58,678 INFO o.a.j.s.SaveService: Using SaveService properties file encoding UTF-8
2025-08-12 20:02:58,682 INFO o.a.j.s.SaveService: Loading file: ./test.jmx
2025-08-12 20:02:58,745 INFO o.a.j.p.h.s.HTTPSamplerBase: Parser for text/html is org.apache.jmeter.protocol.http.parser.LagartoBasedHtmlParser
2025-08-12 20:02:58,745 INFO o.a.j.p.h.s.HTTPSamplerBase: Parser for application/xhtml+xml is org.apache.jmeter.protocol.http.parser.LagartoBasedHtmlParser
2025-08-12 20:02:58,745 INFO o.a.j.p.h.s.HTTPSamplerBase: Parser for application/xml is org.apache.jmeter.protocol.http.parser.LagartoBasedHtmlParser
2025-08-12 20:02:58,745 INFO o.a.j.p.h.s.HTTPSamplerBase: Parser for text/xml is org.apache.jmeter.protocol.http.parser.LagartoBasedHtmlParser
2025-08-12 20:02:58,745 INFO o.a.j.p.h.s.HTTPSamplerBase: Parser for text/vnd.wap.wml is org.apache.jmeter.protocol.http.parser.RegexpHTMLParser
2025-08-12 20:02:58,745 INFO o.a.j.p.h.s.HTTPSamplerBase: Parser for text/css is org.apache.jmeter.protocol.http.parser.CssParser
2025-08-12 20:02:58,794 INFO o.a.j.JMeter: Creating summariser <summary>
2025-08-12 20:02:58,828 INFO o.a.j.e.StandardJMeterEngine: Running the test!
2025-08-12 20:02:58,829 INFO o.a.j.s.SampleEvent: List of sample_variables: []
2025-08-12 20:02:58,830 INFO o.a.j.s.SampleEvent: List of sample_variables: []
2025-08-12 20:02:58,840 INFO o.a.j.e.u.CompoundVariable: Note: Function class names must contain the string: '.functions.'
2025-08-12 20:02:58,842 INFO o.a.j.e.u.CompoundVariable: Note: Function class names must not contain the string: '.gui.'
2025-08-12 20:02:58,946 INFO o.a.j.r.ClassFinder: Will scan jar /home/stas/IDE/apache-jmeter-5.6.3/lib/ext/jmeter-grpc-request.jar with filter ExtendsClassFilter [parents=[interface org.apache.jmeter.functions.Function], inner=false, contains=null, notContains=null]. Consider exposing JMeter plugins via META-INF/services, and add JMeter-Skip-Class-Scanning=true manifest attribute so JMeter can skip classfile scanning
2025-08-12 20:02:59,652 INFO o.a.j.r.ClassFinder: Will scan jar /home/stas/IDE/apache-jmeter-5.6.3/lib/ext/jmeter-plugins-functions-2.2.jar with filter ExtendsClassFilter [parents=[interface org.apache.jmeter.functions.Function], inner=false, contains=null, notContains=null]. Consider exposing JMeter plugins via META-INF/services, and add JMeter-Skip-Class-Scanning=true manifest attribute so JMeter can skip classfile scanning
2025-08-12 20:02:59,670 INFO o.a.j.r.ClassFinder: Will scan jar /home/stas/IDE/apache-jmeter-5.6.3/lib/ext/jmeter-plugins-manager-1.11.jar with filter ExtendsClassFilter [parents=[interface org.apache.jmeter.functions.Function], inner=false, contains=null, notContains=null]. Consider exposing JMeter plugins via META-INF/services, and add JMeter-Skip-Class-Scanning=true manifest attribute so JMeter can skip classfile scanning
2025-08-12 20:02:59,855 INFO o.a.j.JMeter: Running test (1755014579855)
2025-08-12 20:02:59,882 INFO o.a.j.e.StandardJMeterEngine: Starting ThreadGroup: 1 : gateway
2025-08-12 20:02:59,883 INFO o.a.j.e.StandardJMeterEngine: Starting 1 threads for group gateway.
2025-08-12 20:02:59,883 INFO o.a.j.e.StandardJMeterEngine: Thread will continue on error
2025-08-12 20:02:59,883 INFO o.a.j.t.ThreadGroup: Starting thread group... number=1 threads=1 ramp-up=1 delayedStart=false
2025-08-12 20:02:59,886 INFO o.a.j.t.ThreadGroup: Started thread group number 1
2025-08-12 20:02:59,887 INFO o.a.j.e.StandardJMeterEngine: All thread groups have been started
2025-08-12 20:02:59,889 INFO o.a.j.t.JMeterThread: Thread started: gateway 1-1
2025-08-12 20:03:00,018 INFO o.a.j.p.h.s.HTTPHCAbstractImpl: Local host = stasMS
2025-08-12 20:03:00,040 INFO o.a.j.p.h.s.HTTPHC4Impl: HTTP request retry count = 0
2025-08-12 20:03:00,041 INFO o.a.j.s.SampleResult: Note: Sample TimeStamps are START times
2025-08-12 20:03:00,041 INFO o.a.j.s.SampleResult: sampleresult.default.encoding is set to UTF-8
2025-08-12 20:03:00,041 INFO o.a.j.s.SampleResult: sampleresult.useNanoTime=true
2025-08-12 20:03:00,042 INFO o.a.j.s.SampleResult: sampleresult.nanoThreadSleep=5000
2025-08-12 20:03:01,939 INFO o.a.j.r.Summariser: summary +      1 in 00:00:02 =    0.5/s Avg:  1781 Min:  1781 Max:  1781 Err:     1 (100.00%) Active: 1 Started: 1 Finished: 0
2025-08-12 20:03:01,969 INFO o.a.j.u.JsseSSLManager: Using default SSL protocol: TLS
2025-08-12 20:03:01,969 INFO o.a.j.u.JsseSSLManager: SSL session context: per-thread
2025-08-12 20:03:30,299 INFO o.a.j.r.Summariser: summary +     29 in 00:00:28 =    1.0/s Avg:   252 Min:   156 Max:  1132 Err:     1 (3.45%) Active: 1 Started: 1 Finished: 0
2025-08-12 20:03:30,299 INFO o.a.j.r.Summariser: summary =     30 in 00:00:30 =    1.0/s Avg:   303 Min:   156 Max:  1781 Err:     2 (6.67%)
2025-08-12 20:04:02,668 INFO o.a.j.r.Summariser: summary +      8 in 00:00:32 =    0.2/s Avg:  3262 Min:     3 Max: 22403 Err:     5 (62.50%) Active: 1 Started: 1 Finished: 0
2025-08-12 20:04:02,669 INFO o.a.j.r.Summariser: summary =     38 in 00:01:03 =    0.6/s Avg:   926 Min:     3 Max: 22403 Err:     7 (18.42%)
2025-08-12 20:04:30,703 INFO o.a.j.r.Summariser: summary +     29 in 00:00:28 =    1.0/s Avg:    10 Min:     4 Max:    24 Err:    29 (100.00%) Active: 1 Started: 1 Finished: 0
2025-08-12 20:04:30,704 INFO o.a.j.r.Summariser: summary =     67 in 00:01:31 =    0.7/s Avg:   529 Min:     3 Max: 22403 Err:    36 (53.73%)
2025-08-12 20:05:00,720 INFO o.a.j.r.Summariser: summary +     30 in 00:00:30 =    1.0/s Avg:     7 Min:     2 Max:    19 Err:    30 (100.00%) Active: 1 Started: 1 Finished: 0
2025-08-12 20:05:00,723 INFO o.a.j.r.Summariser: summary =     97 in 00:02:01 =    0.8/s Avg:   368 Min:     2 Max: 22403 Err:    66 (68.04%)
2025-08-12 20:05:30,701 INFO o.a.j.r.Summariser: summary +     30 in 00:00:30 =    1.0/s Avg:    11 Min:     3 Max:    85 Err:    30 (100.00%) Active: 1 Started: 1 Finished: 0
2025-08-12 20:05:30,701 INFO o.a.j.r.Summariser: summary =    127 in 00:02:31 =    0.8/s Avg:   283 Min:     2 Max: 22403 Err:    96 (75.59%)
2025-08-12 20:06:00,701 INFO o.a.j.r.Summariser: summary +     30 in 00:00:30 =    1.0/s Avg:     6 Min:     3 Max:    13 Err:    30 (100.00%) Active: 1 Started: 1 Finished: 0
2025-08-12 20:06:00,701 INFO o.a.j.r.Summariser: summary =    157 in 00:03:01 =    0.9/s Avg:   230 Min:     2 Max: 22403 Err:   126 (80.25%)
2025-08-12 20:06:30,703 INFO o.a.j.r.Summariser: summary +     30 in 00:00:30 =    1.0/s Avg:     7 Min:     3 Max:    17 Err:    30 (100.00%) Active: 1 Started: 1 Finished: 0
2025-08-12 20:06:30,703 INFO o.a.j.r.Summariser: summary =    187 in 00:03:31 =    0.9/s Avg:   195 Min:     2 Max: 22403 Err:   156 (83.42%)
2025-08-12 20:07:00,705 INFO o.a.j.r.Summariser: summary +     30 in 00:00:30 =    1.0/s Avg:     6 Min:     3 Max:    15 Err:    30 (100.00%) Active: 1 Started: 1 Finished: 0
2025-08-12 20:07:00,707 INFO o.a.j.r.Summariser: summary =    217 in 00:04:01 =    0.9/s Avg:   169 Min:     2 Max: 22403 Err:   186 (85.71%)
2025-08-12 20:07:30,707 INFO o.a.j.r.Summariser: summary +     30 in 00:00:30 =    1.0/s Avg:     6 Min:     3 Max:    11 Err:    30 (100.00%) Active: 1 Started: 1 Finished: 0
2025-08-12 20:07:30,709 INFO o.a.j.r.Summariser: summary =    247 in 00:04:31 =    0.9/s Avg:   149 Min:     2 Max: 22403 Err:   216 (87.45%)
2025-08-12 20:08:00,704 INFO o.a.j.r.Summariser: summary +     30 in 00:00:30 =    1.0/s Avg:     7 Min:     3 Max:    22 Err:    30 (100.00%) Active: 1 Started: 1 Finished: 0
2025-08-12 20:08:00,707 INFO o.a.j.r.Summariser: summary =    277 in 00:05:01 =    0.9/s Avg:   133 Min:     2 Max: 22403 Err:   246 (88.81%)
2025-08-12 20:08:30,708 INFO o.a.j.r.Summariser: summary +     30 in 00:00:30 =    1.0/s Avg:     7 Min:     3 Max:    14 Err:    30 (100.00%) Active: 1 Started: 1 Finished: 0
2025-08-12 20:08:30,709 INFO o.a.j.r.Summariser: summary =    307 in 00:05:31 =    0.9/s Avg:   121 Min:     2 Max: 22403 Err:   276 (89.90%)
2025-08-12 20:09:00,706 INFO o.a.j.r.Summariser: summary +     30 in 00:00:30 =    1.0/s Avg:     8 Min:     3 Max:    15 Err:    30 (100.00%) Active: 1 Started: 1 Finished: 0
2025-08-12 20:09:00,707 INFO o.a.j.r.Summariser: summary =    337 in 00:06:01 =    0.9/s Avg:   111 Min:     2 Max: 22403 Err:   306 (90.80%)
2025-08-12 20:09:30,706 INFO o.a.j.r.Summariser: summary +     30 in 00:00:30 =    1.0/s Avg:     6 Min:     2 Max:    15 Err:    30 (100.00%) Active: 1 Started: 1 Finished: 0
2025-08-12 20:09:30,707 INFO o.a.j.r.Summariser: summary =    367 in 00:06:31 =    0.9/s Avg:   102 Min:     2 Max: 22403 Err:   336 (91.55%)
2025-08-12 20:10:00,707 INFO o.a.j.r.Summariser: summary +     30 in 00:00:30 =    1.0/s Avg:     6 Min:     3 Max:    14 Err:    30 (100.00%) Active: 1 Started: 1 Finished: 0
2025-08-12 20:10:00,709 INFO o.a.j.r.Summariser: summary =    397 in 00:07:01 =    0.9/s Avg:    95 Min:     2 Max: 22403 Err:   366 (92.19%)
2025-08-12 20:10:30,705 INFO o.a.j.r.Summariser: summary +     30 in 00:00:30 =    1.0/s Avg:     7 Min:     2 Max:    18 Err:    30 (100.00%) Active: 1 Started: 1 Finished: 0
2025-08-12 20:10:30,706 INFO o.a.j.r.Summariser: summary =    427 in 00:07:31 =    0.9/s Avg:    89 Min:     2 Max: 22403 Err:   396 (92.74%)
2025-08-12 20:11:00,699 INFO o.a.j.r.Summariser: summary +     30 in 00:00:30 =    1.0/s Avg:     6 Min:     3 Max:    17 Err:    30 (100.00%) Active: 1 Started: 1 Finished: 0
2025-08-12 20:11:00,701 INFO o.a.j.r.Summariser: summary =    457 in 00:08:01 =    1.0/s Avg:    83 Min:     2 Max: 22403 Err:   426 (93.22%)
2025-08-12 20:11:30,709 INFO o.a.j.r.Summariser: summary +     30 in 00:00:30 =    1.0/s Avg:     7 Min:     3 Max:    21 Err:    30 (100.00%) Active: 1 Started: 1 Finished: 0
2025-08-12 20:11:30,711 INFO o.a.j.r.Summariser: summary =    487 in 00:08:31 =    1.0/s Avg:    79 Min:     2 Max: 22403 Err:   456 (93.63%)
2025-08-12 20:12:00,706 INFO o.a.j.r.Summariser: summary +     30 in 00:00:30 =    1.0/s Avg:     7 Min:     2 Max:    15 Err:    30 (100.00%) Active: 1 Started: 1 Finished: 0
2025-08-12 20:12:00,707 INFO o.a.j.r.Summariser: summary =    517 in 00:09:01 =    1.0/s Avg:    75 Min:     2 Max: 22403 Err:   486 (94.00%)
2025-08-12 20:12:30,707 INFO o.a.j.r.Summariser: summary +     30 in 00:00:30 =    1.0/s Avg:     7 Min:     3 Max:    15 Err:    30 (100.00%) Active: 1 Started: 1 Finished: 0
2025-08-12 20:12:30,708 INFO o.a.j.r.Summariser: summary =    547 in 00:09:31 =    1.0/s Avg:    71 Min:     2 Max: 22403 Err:   516 (94.33%)
2025-08-12 20:13:00,699 INFO o.a.j.r.Summariser: summary +     30 in 00:00:30 =    1.0/s Avg:     7 Min:     3 Max:    24 Err:    30 (100.00%) Active: 1 Started: 1 Finished: 0
2025-08-12 20:13:00,701 INFO o.a.j.r.Summariser: summary =    577 in 00:10:01 =    1.0/s Avg:    68 Min:     2 Max: 22403 Err:   546 (94.63%)
2025-08-12 20:13:30,700 INFO o.a.j.r.Summariser: summary +     30 in 00:00:30 =    1.0/s Avg:     6 Min:     3 Max:    15 Err:    30 (100.00%) Active: 1 Started: 1 Finished: 0
2025-08-12 20:13:30,700 INFO o.a.j.r.Summariser: summary =    607 in 00:10:31 =    1.0/s Avg:    65 Min:     2 Max: 22403 Err:   576 (94.89%)
2025-08-12 20:14:00,700 INFO o.a.j.r.Summariser: summary +     30 in 00:00:30 =    1.0/s Avg:     6 Min:     2 Max:    14 Err:    30 (100.00%) Active: 1 Started: 1 Finished: 0
2025-08-12 20:14:00,701 INFO o.a.j.r.Summariser: summary =    637 in 00:11:01 =    1.0/s Avg:    62 Min:     2 Max: 22403 Err:   606 (95.13%)
2025-08-12 20:14:30,707 INFO o.a.j.r.Summariser: summary +     30 in 00:00:30 =    1.0/s Avg:     5 Min:     3 Max:    15 Err:    30 (100.00%) Active: 1 Started: 1 Finished: 0
2025-08-12 20:14:30,708 INFO o.a.j.r.Summariser: summary =    667 in 00:11:31 =    1.0/s Avg:    59 Min:     2 Max: 22403 Err:   636 (95.35%)
2025-08-12 20:15:00,706 INFO o.a.j.r.Summariser: summary +     30 in 00:00:30 =    1.0/s Avg:     7 Min:     2 Max:    14 Err:    30 (100.00%) Active: 1 Started: 1 Finished: 0
2025-08-12 20:15:00,707 INFO o.a.j.r.Summariser: summary =    697 in 00:12:01 =    1.0/s Avg:    57 Min:     2 Max: 22403 Err:   666 (95.55%)
2025-08-12 20:15:30,705 INFO o.a.j.r.Summariser: summary +     30 in 00:00:30 =    1.0/s Avg:     6 Min:     2 Max:    12 Err:    30 (100.00%) Active: 1 Started: 1 Finished: 0
2025-08-12 20:15:30,706 INFO o.a.j.r.Summariser: summary =    727 in 00:12:31 =    1.0/s Avg:    55 Min:     2 Max: 22403 Err:   696 (95.74%)
2025-08-12 20:16:00,701 INFO o.a.j.r.Summariser: summary +     30 in 00:00:30 =    1.0/s Avg:     6 Min:     2 Max:    14 Err:    30 (100.00%) Active: 1 Started: 1 Finished: 0
2025-08-12 20:16:00,702 INFO o.a.j.r.Summariser: summary =    757 in 00:13:01 =    1.0/s Avg:    53 Min:     2 Max: 22403 Err:   726 (95.90%)
2025-08-12 20:16:30,708 INFO o.a.j.r.Summariser: summary +     30 in 00:00:30 =    1.0/s Avg:     7 Min:     2 Max:    18 Err:    30 (100.00%) Active: 1 Started: 1 Finished: 0
2025-08-12 20:16:30,710 INFO o.a.j.r.Summariser: summary =    787 in 00:13:31 =    1.0/s Avg:    51 Min:     2 Max: 22403 Err:   756 (96.06%)
2025-08-12 20:17:00,700 INFO o.a.j.r.Summariser: summary +     30 in 00:00:30 =    1.0/s Avg:     7 Min:     3 Max:    18 Err:    30 (100.00%) Active: 1 Started: 1 Finished: 0
2025-08-12 20:17:00,701 INFO o.a.j.r.Summariser: summary =    817 in 00:14:01 =    1.0/s Avg:    50 Min:     2 Max: 22403 Err:   786 (96.21%)
2025-08-12 20:17:30,699 INFO o.a.j.r.Summariser: summary +     30 in 00:00:30 =    1.0/s Avg:     3 Min:     2 Max:     9 Err:    30 (100.00%) Active: 1 Started: 1 Finished: 0
2025-08-12 20:17:30,699 INFO o.a.j.r.Summariser: summary =    847 in 00:14:31 =    1.0/s Avg:    48 Min:     2 Max: 22403 Err:   816 (96.34%)
2025-08-12 20:18:00,703 INFO o.a.j.r.Summariser: summary +     30 in 00:00:30 =    1.0/s Avg:     6 Min:     2 Max:    19 Err:    30 (100.00%) Active: 1 Started: 1 Finished: 0
2025-08-12 20:18:00,705 INFO o.a.j.r.Summariser: summary =    877 in 00:15:01 =    1.0/s Avg:    47 Min:     2 Max: 22403 Err:   846 (96.47%)
2025-08-12 20:18:30,707 INFO o.a.j.r.Summariser: summary +     30 in 00:00:30 =    1.0/s Avg:     7 Min:     2 Max:    17 Err:    30 (100.00%) Active: 1 Started: 1 Finished: 0
2025-08-12 20:18:30,707 INFO o.a.j.r.Summariser: summary =    907 in 00:15:31 =    1.0/s Avg:    45 Min:     2 Max: 22403 Err:   876 (96.58%)
2025-08-12 20:19:00,712 INFO o.a.j.r.Summariser: summary +     30 in 00:00:30 =    1.0/s Avg:    10 Min:     3 Max:    32 Err:    30 (100.00%) Active: 1 Started: 1 Finished: 0
2025-08-12 20:19:00,713 INFO o.a.j.r.Summariser: summary =    937 in 00:16:01 =    1.0/s Avg:    44 Min:     2 Max: 22403 Err:   906 (96.69%)
2025-08-12 20:19:30,705 INFO o.a.j.r.Summariser: summary +     30 in 00:00:30 =    1.0/s Avg:     8 Min:     2 Max:    22 Err:    30 (100.00%) Active: 1 Started: 1 Finished: 0
2025-08-12 20:19:30,707 INFO o.a.j.r.Summariser: summary =    967 in 00:16:31 =    1.0/s Avg:    43 Min:     2 Max: 22403 Err:   936 (96.79%)
2025-08-12 20:20:00,706 INFO o.a.j.r.Summariser: summary +     30 in 00:00:30 =    1.0/s Avg:     7 Min:     3 Max:    15 Err:    30 (100.00%) Active: 1 Started: 1 Finished: 0
2025-08-12 20:20:00,707 INFO o.a.j.r.Summariser: summary =    997 in 00:17:01 =    1.0/s Avg:    42 Min:     2 Max: 22403 Err:   966 (96.89%)
2025-08-12 20:20:30,700 INFO o.a.j.r.Summariser: summary +     30 in 00:00:30 =    1.0/s Avg:     7 Min:     2 Max:    15 Err:    30 (100.00%) Active: 1 Started: 1 Finished: 0
2025-08-12 20:20:30,700 INFO o.a.j.r.Summariser: summary =   1027 in 00:17:31 =    1.0/s Avg:    41 Min:     2 Max: 22403 Err:   996 (96.98%)
2025-08-12 20:21:00,700 INFO o.a.j.r.Summariser: summary +     30 in 00:00:30 =    1.0/s Avg:     6 Min:     2 Max:    16 Err:    30 (100.00%) Active: 1 Started: 1 Finished: 0
2025-08-12 20:21:00,701 INFO o.a.j.r.Summariser: summary =   1057 in 00:18:01 =    1.0/s Avg:    40 Min:     2 Max: 22403 Err:  1026 (97.07%)
2025-08-12 20:21:30,707 INFO o.a.j.r.Summariser: summary +     30 in 00:00:30 =    1.0/s Avg:     5 Min:     2 Max:    15 Err:    30 (100.00%) Active: 1 Started: 1 Finished: 0
2025-08-12 20:21:30,708 INFO o.a.j.r.Summariser: summary =   1087 in 00:18:31 =    1.0/s Avg:    39 Min:     2 Max: 22403 Err:  1056 (97.15%)
2025-08-12 20:22:00,706 INFO o.a.j.r.Summariser: summary +     30 in 00:00:30 =    1.0/s Avg:     6 Min:     2 Max:    15 Err:    30 (100.00%) Active: 1 Started: 1 Finished: 0
2025-08-12 20:22:00,707 INFO o.a.j.r.Summariser: summary =   1117 in 00:19:01 =    1.0/s Avg:    38 Min:     2 Max: 22403 Err:  1086 (97.22%)
2025-08-12 20:22:30,707 INFO o.a.j.r.Summariser: summary +     30 in 00:00:30 =    1.0/s Avg:     9 Min:     3 Max:    18 Err:    30 (100.00%) Active: 1 Started: 1 Finished: 0
2025-08-12 20:22:30,708 INFO o.a.j.r.Summariser: summary =   1147 in 00:19:31 =    1.0/s Avg:    37 Min:     2 Max: 22403 Err:  1116 (97.30%)
2025-08-12 20:23:00,704 INFO o.a.j.r.Summariser: summary +     30 in 00:00:30 =    1.0/s Avg:     7 Min:     3 Max:    14 Err:    30 (100.00%) Active: 1 Started: 1 Finished: 0
2025-08-12 20:23:00,706 INFO o.a.j.r.Summariser: summary =   1177 in 00:20:01 =    1.0/s Avg:    37 Min:     2 Max: 22403 Err:  1146 (97.37%)
2025-08-12 20:23:30,702 INFO o.a.j.r.Summariser: summary +     30 in 00:00:30 =    1.0/s Avg:    10 Min:     3 Max:   107 Err:    30 (100.00%) Active: 1 Started: 1 Finished: 0
2025-08-12 20:23:30,703 INFO o.a.j.r.Summariser: summary =   1207 in 00:20:31 =    1.0/s Avg:    36 Min:     2 Max: 22403 Err:  1176 (97.43%)
2025-08-12 20:24:00,670 INFO o.a.j.r.Summariser: summary +     29 in 00:00:30 =    1.0/s Avg:   173 Min:     3 Max:  1516 Err:    26 (89.66%) Active: 1 Started: 1 Finished: 0
2025-08-12 20:24:00,671 INFO o.a.j.r.Summariser: summary =   1236 in 00:21:01 =    1.0/s Avg:    39 Min:     2 Max: 22403 Err:  1202 (97.25%)
2025-08-12 20:24:30,605 INFO o.a.j.r.Summariser: summary +     30 in 00:00:30 =    1.0/s Avg:   189 Min:   141 Max:   291 Err:     0 (0.00%) Active: 1 Started: 1 Finished: 0
2025-08-12 20:24:30,606 INFO o.a.j.r.Summariser: summary =   1266 in 00:21:31 =    1.0/s Avg:    43 Min:     2 Max: 22403 Err:  1202 (94.94%)
2025-08-12 20:24:45,273 INFO o.a.j.r.ResultCollector: Shutdown hook started
2025-08-12 20:24:45,274 INFO o.a.j.r.ResultCollector: Shutdown hook ended
